[    0.000000] Initializing cgroup subsys cpuset
[    0.000000] Initializing cgroup subsys cpu
[    0.000000] Initializing cgroup subsys cpuacct
[    0.000000] Linux version 4.4.0-91-generic (buildd@lcy01-11) (gcc version 5.4.0 20160609 (Ubuntu 5.4.0-6ubuntu1~16.04.4) ) #114-Ubuntu SMP Tue Aug 8 11:56:56 UTC 2017 (Ubuntu 4.4.0-91.114-generic 4.4.76)
[    0.000000] Command line: BOOT_IMAGE=/boot/vmlinuz-4.4.0-91-generic root=LABEL=cloudimg-rootfs ro console=tty1 console=ttyS0
[    0.000000] KERNEL supported cpus:
[    0.000000]   Intel GenuineIntel
[    0.000000]   AMD AuthenticAMD
[    0.000000]   Centaur CentaurHauls
[    0.000000] x86/fpu: xstate_offset[2]:  576, xstate_sizes[2]:  256
[    0.000000] x86/fpu: Supporting XSAVE feature 0x01: 'x87 floating point registers'
[    0.000000] x86/fpu: Supporting XSAVE feature 0x02: 'SSE registers'
[    0.000000] x86/fpu: Supporting XSAVE feature 0x04: 'AVX registers'
[    0.000000] x86/fpu: Enabled xstate features 0x7, context size is 832 bytes, using 'standard' format.
[    0.000000] x86/fpu: Using 'lazy' FPU context switches.
[    0.000000] e820: BIOS-provided physical RAM map:
[    0.000000] BIOS-e820: [mem 0x0000000000000000-0x000000000009fbff] usable
[    0.000000] BIOS-e820: [mem 0x000000000009fc00-0x000000000009ffff] reserved
[    0.000000] BIOS-e820: [mem 0x00000000000f0000-0x00000000000fffff] reserved
[    0.000000] BIOS-e820: [mem 0x0000000000100000-0x000000003ffeffff] usable
[    0.000000] BIOS-e820: [mem 0x000000003fff0000-0x000000003fffffff] ACPI data
[    0.000000] BIOS-e820: [mem 0x00000000fec00000-0x00000000fec00fff] reserved
[    0.000000] BIOS-e820: [mem 0x00000000fee00000-0x00000000fee00fff] reserved
[    0.000000] BIOS-e820: [mem 0x00000000fffc0000-0x00000000ffffffff] reserved
[    0.000000] NX (Execute Disable) protection: active
[    0.000000] SMBIOS 2.5 present.
[    0.000000] Hypervisor detected: KVM
[    0.000000] e820: last_pfn = 0x3fff0 max_arch_pfn = 0x400000000
[    0.000000] MTRR: Disabled
[    0.000000] x86/PAT: MTRRs disabled, skipping PAT initialization too.
[    0.000000] x86/PAT: Configuration [0-7]: WB  WT  UC- UC  WB  WT  UC- UC  
[    0.000000] CPU MTRRs all blank - virtualized system.
[    0.000000] found SMP MP-table at [mem 0x0009fff0-0x0009ffff] mapped at [ffff88000009fff0]
[    0.000000] Scanning 1 areas for low memory corruption
[    0.000000] RAMDISK: [mem 0x36ac6000-0x3755afff]
[    0.000000] ACPI: Early table checksum verification disabled
[    0.000000] ACPI: RSDP 0x00000000000E0000 000024 (v02 VBOX  )
[    0.000000] ACPI: XSDT 0x000000003FFF0030 00003C (v01 VBOX   VBOXXSDT 00000001 ASL  00000061)
[    0.000000] ACPI: FACP 0x000000003FFF00F0 0000F4 (v04 VBOX   VBOXFACP 00000001 ASL  00000061)
[    0.000000] ACPI: DSDT 0x000000003FFF0470 0021C8 (v02 VBOX   VBOXBIOS 00000002 INTL 20100528)
[    0.000000] ACPI: FACS 0x000000003FFF0200 000040
[    0.000000] ACPI: FACS 0x000000003FFF0200 000040
[    0.000000] ACPI: APIC 0x000000003FFF0240 00005C (v02 VBOX   VBOXAPIC 00000001 ASL  00000061)
[    0.000000] ACPI: SSDT 0x000000003FFF02A0 0001CC (v01 VBOX   VBOXCPUT 00000002 INTL 20100528)
[    0.000000] No NUMA configuration found
[    0.000000] Faking a node at [mem 0x0000000000000000-0x000000003ffeffff]
[    0.000000] NODE_DATA(0) allocated [mem 0x3ffeb000-0x3ffeffff]
[    0.000000] kvm-clock: Using msrs 4b564d01 and 4b564d00
[    0.000000] kvm-clock: cpu 0, msr 0:3ffe3001, primary cpu clock
[    0.000000] kvm-clock: using sched offset of 3299784276 cycles
[    0.000000] clocksource: kvm-clock: mask: 0xffffffffffffffff max_cycles: 0x1cd42e4dffb, max_idle_ns: 881590591483 ns
[    0.000000] Zone ranges:
[    0.000000]   DMA      [mem 0x0000000000001000-0x0000000000ffffff]
[    0.000000]   DMA32    [mem 0x0000000001000000-0x000000003ffeffff]
[    0.000000]   Normal   empty
[    0.000000]   Device   empty
[    0.000000] Movable zone start for each node
[    0.000000] Early memory node ranges
[    0.000000]   node   0: [mem 0x0000000000001000-0x000000000009efff]
[    0.000000]   node   0: [mem 0x0000000000100000-0x000000003ffeffff]
[    0.000000] Initmem setup node 0 [mem 0x0000000000001000-0x000000003ffeffff]
[    0.000000] ACPI: PM-Timer IO Port: 0x4008
[    0.000000] IOAPIC[0]: apic_id 2, version 32, address 0xfec00000, GSI 0-23
[    0.000000] ACPI: INT_SRC_OVR (bus 0 bus_irq 0 global_irq 2 dfl dfl)
[    0.000000] ACPI: INT_SRC_OVR (bus 0 bus_irq 9 global_irq 9 high level)
[    0.000000] Using ACPI (MADT) for SMP configuration information
[    0.000000] smpboot: Allowing 2 CPUs, 0 hotplug CPUs
[    0.000000] PM: Registered nosave memory: [mem 0x00000000-0x00000fff]
[    0.000000] PM: Registered nosave memory: [mem 0x0009f000-0x0009ffff]
[    0.000000] PM: Registered nosave memory: [mem 0x000a0000-0x000effff]
[    0.000000] PM: Registered nosave memory: [mem 0x000f0000-0x000fffff]
[    0.000000] e820: [mem 0x40000000-0xfebfffff] available for PCI devices
[    0.000000] Booting paravirtualized kernel on KVM
[    0.000000] clocksource: refined-jiffies: mask: 0xffffffff max_cycles: 0xffffffff, max_idle_ns: 7645519600211568 ns
[    0.000000] setup_percpu: NR_CPUS:512 nr_cpumask_bits:512 nr_cpu_ids:2 nr_node_ids:1
[    0.000000] PERCPU: Embedded 33 pages/cpu @ffff88003fc00000 s98264 r8192 d28712 u1048576
[    0.000000] PV qspinlock hash table entries: 256 (order: 0, 4096 bytes)
[    0.000000] Built 1 zonelists in Node order, mobility grouping on.  Total pages: 257913
[    0.000000] Policy zone: DMA32
[    0.000000] Kernel command line: BOOT_IMAGE=/boot/vmlinuz-4.4.0-91-generic root=LABEL=cloudimg-rootfs ro console=tty1 console=ttyS0
[    0.000000] PID hash table entries: 4096 (order: 3, 32768 bytes)
[    0.000000] Memory: 1001740K/1048120K available (8474K kernel code, 1294K rwdata, 3984K rodata, 1488K init, 1316K bss, 46380K reserved, 0K cma-reserved)
[    0.000000] SLUB: HWalign=64, Order=0-3, MinObjects=0, CPUs=2, Nodes=1
[    0.000000] Hierarchical RCU implementation.
[    0.000000] 	Build-time adjustment of leaf fanout to 64.
[    0.000000] 	RCU restricting CPUs from NR_CPUS=512 to nr_cpu_ids=2.
[    0.000000] RCU: Adjusting geometry for rcu_fanout_leaf=64, nr_cpu_ids=2
[    0.000000] NR_IRQS:33024 nr_irqs:440 16
[    0.000000] Console: colour VGA+ 80x25
[    0.000000] console [tty1] enabled
[    0.000000] console [ttyS0] enabled
[    0.000000] tsc: Detected 3292.522 MHz processor
[    5.222833] Calibrating delay loop (skipped) preset value.. 6585.04 BogoMIPS (lpj=13170088)
[    5.335118] pid_max: default: 32768 minimum: 301
[    5.426875] ACPI: Core revision 20150930
[    5.544058] ACPI: 2 ACPI AML tables successfully acquired and loaded
[    5.700668] Security Framework initialized
[    5.816914] Yama: becoming mindful.
[    5.925399] AppArmor: AppArmor initialized
[    5.979482] Dentry cache hash table entries: 131072 (order: 8, 1048576 bytes)
[    5.991710] Inode-cache hash table entries: 65536 (order: 7, 524288 bytes)
[    6.092216] Mount-cache hash table entries: 2048 (order: 2, 16384 bytes)
[    6.225175] Mountpoint-cache hash table entries: 2048 (order: 2, 16384 bytes)
[    6.272797] Initializing cgroup subsys io
[    6.274090] Initializing cgroup subsys memory
[    6.275547] Initializing cgroup subsys devices
[    6.276915] Initializing cgroup subsys freezer
[    6.278012] Initializing cgroup subsys net_cls
[    6.279141] Initializing cgroup subsys perf_event
[    6.339476] Initializing cgroup subsys net_prio
[    6.341227] Initializing cgroup subsys hugetlb
[    6.352339] Initializing cgroup subsys pids
[    6.360352] CPU: Physical Processor ID: 0
[    6.367152] CPU: Processor Core ID: 0
[    6.369983] mce: CPU supports 0 MCE banks
[    6.376018] Last level iTLB entries: 4KB 512, 2MB 8, 4MB 8
[    6.379308] Last level dTLB entries: 4KB 512, 2MB 32, 4MB 32, 1GB 0
[    6.393828] Freeing SMP alternatives memory: 32K (ffffffff820b9000 - ffffffff820c1000)
[    6.408834] ftrace: allocating 32131 entries in 126 pages
[    6.514930] smpboot: APIC(0) Converting physical 0 to logical package 0
[    6.629312] smpboot: Max logical packages: 1
[    6.743931] x2apic enabled
[    6.788802] Switched APIC routing to physical x2apic.
[    6.922657] ..TIMER: vector=0x30 apic1=0 pin1=2 apic2=-1 pin2=-1
[    7.034659] smpboot: CPU0: Intel(R) Core(TM) i3-3220 CPU @ 3.30GHz (family: 0x6, model: 0x3a, stepping: 0x9)
[    7.232364] Performance Events: unsupported p6 CPU model 58 no PMU driver, software events only.
[    7.383522] KVM setup paravirtual spinlock
[    7.394042] x86: Booting SMP configuration:
[    7.396311] .... node  #0, CPUs:      #1
[    7.397431] kvm-clock: cpu 1, msr 0:3ffe3041, secondary cpu clock
[    7.447092] mce: CPU supports 0 MCE banks
[    7.450706] x86: Booted up 1 node, 2 CPUs
[    7.455468] smpboot: Total of 2 processors activated (13170.08 BogoMIPS)
[    7.472397] devtmpfs: initialized
[    7.477760] evm: security.selinux
[    7.489139] evm: security.SMACK64
[    7.495098] evm: security.SMACK64EXEC
[    7.501388] evm: security.SMACK64TRANSMUTE
[    7.503661] evm: security.SMACK64MMAP
[    7.508025] evm: security.ima
[    7.513379] evm: security.capability
[    7.516132] clocksource: jiffies: mask: 0xffffffff max_cycles: 0xffffffff, max_idle_ns: 7645041785100000 ns
[    7.519996] futex hash table entries: 512 (order: 3, 32768 bytes)
[    7.547031] pinctrl core: initialized pinctrl subsystem
[    7.557562] RTC time: 10:04:08, date: 08/14/17
[    7.562132] NET: Registered protocol family 16
[    7.599055] cpuidle: using governor ladder
[    7.662818] cpuidle: using governor menu
[    7.663584] PCCT header not found.
[    7.664321] ACPI: bus type PCI registered
[    7.665100] acpiphp: ACPI Hot Plug PCI Controller Driver version: 0.5
[    7.678375] PCI: Using configuration type 1 for base access
[    7.692423] ACPI: Added _OSI(Module Device)
[    7.743375] ACPI: Added _OSI(Processor Device)
[    7.862770] ACPI: Added _OSI(3.0 _SCP Extensions)
[    7.992759] ACPI: Added _OSI(Processor Aggregator Device)
[    8.037753] ACPI: Executed 1 blocks of module-level executable AML code
[    8.124621] ACPI: Interpreter enabled
[    8.218575] ACPI: (supports S0 S5)
[    8.267425] ACPI: Using IOAPIC for interrupt routing
[    8.325309] PCI: Using host bridge windows from ACPI; if necessary, use "pci=nocrs" and report a bug
[    8.561226] ACPI: PCI Root Bridge [PCI0] (domain 0000 [bus 00-ff])
[    8.571878] acpi PNP0A03:00: _OSC: OS supports [ASPM ClockPM Segments MSI]
[    8.576163] acpi PNP0A03:00: _OSC failed (AE_NOT_FOUND); disabling ASPM
[    8.579743] acpi PNP0A03:00: fail to add MMCONFIG information, can't access extended PCI configuration space under this bridge.
[    8.583039] PCI host bridge to bus 0000:00
[    8.604948] pci_bus 0000:00: root bus resource [io  0x0000-0x0cf7 window]
[    8.606406] pci_bus 0000:00: root bus resource [io  0x0d00-0xffff window]
[    8.613551] pci_bus 0000:00: root bus resource [mem 0x000a0000-0x000bffff window]
[    8.623650] pci_bus 0000:00: root bus resource [mem 0x40000000-0xffdfffff window]
[    8.625404] pci_bus 0000:00: root bus resource [bus 00-ff]
[    8.628450] pci 0000:00:01.1: legacy IDE quirk: reg 0x10: [io  0x01f0-0x01f7]
[    8.668900] pci 0000:00:01.1: legacy IDE quirk: reg 0x14: [io  0x03f6]
[    8.680890] pci 0000:00:01.1: legacy IDE quirk: reg 0x18: [io  0x0170-0x0177]
[    8.689203] pci 0000:00:01.1: legacy IDE quirk: reg 0x1c: [io  0x0376]
[    8.706277] pci 0000:00:07.0: quirk: [io  0x4000-0x403f] claimed by PIIX4 ACPI
[    8.875690] pci 0000:00:07.0: quirk: [io  0x4100-0x410f] claimed by PIIX4 SMB
[    8.894431] ACPI: PCI Interrupt Link [LNKA] (IRQs 5 9 10 *11)
[    9.039464] ACPI: PCI Interrupt Link [LNKB] (IRQs 5 9 10 *11)
[    9.139434] ACPI: PCI Interrupt Link [LNKC] (IRQs 5 9 *10 11)
[    9.308714] ACPI: PCI Interrupt Link [LNKD] (IRQs 5 *9 10 11)
[    9.339698] ACPI: Enabled 2 GPEs in block 00 to 07
[    9.340902] vgaarb: setting as boot device: PCI:0000:00:02.0
[    9.350165] vgaarb: device added: PCI:0000:00:02.0,decodes=io+mem,owns=io+mem,locks=none
[    9.357465] vgaarb: loaded
[    9.359375] vgaarb: bridge control possible 0000:00:02.0
[    9.423162] SCSI subsystem initialized
[    9.498404] ACPI: bus type USB registered
[    9.598648] usbcore: registered new interface driver usbfs
[    9.644462] usbcore: registered new interface driver hub
[    9.716097] usbcore: registered new device driver usb
[    9.717878] PCI: Using ACPI for IRQ routing
[    9.719561] NetLabel: Initializing
[    9.720697] NetLabel:  domain hash size = 128
[    9.722014] NetLabel:  protocols = UNLABELED CIPSOv4
[    9.723542] NetLabel:  unlabeled traffic allowed by default
[    9.725260] amd_nb: Cannot enumerate AMD northbridges
[    9.785011] clocksource: Switched to clocksource kvm-clock
[    9.820038] AppArmor: AppArmor Filesystem Enabled
[    9.967563] pnp: PnP ACPI init
[   10.086487] pnp: PnP ACPI: found 3 devices
[   10.238792] clocksource: acpi_pm: mask: 0xffffff max_cycles: 0xffffff, max_idle_ns: 2085701024 ns
[   10.518225] NET: Registered protocol family 2
[   10.519190] TCP established hash table entries: 8192 (order: 4, 65536 bytes)
[   10.527430] TCP bind hash table entries: 8192 (order: 5, 131072 bytes)
[   10.528572] TCP: Hash tables configured (established 8192 bind 8192)
[   10.692046] UDP hash table entries: 512 (order: 2, 16384 bytes)
[   10.722723] UDP-Lite hash table entries: 512 (order: 2, 16384 bytes)
[   10.746701] NET: Registered protocol family 1
[   10.877631] pci 0000:00:00.0: Limiting direct PCI/PCI transfers
[   10.941793] pci 0000:00:01.0: Activating ISA DMA hang workarounds
[   11.116315] Unpacking initramfs...
[   13.387002] Freeing initrd memory: 10836K (ffff880036ac6000 - ffff88003755b000)
[   13.468539] RAPL PMU detected, API unit is 2^-32 Joules, 3 fixed counters 10737418240 ms ovfl timer
[   13.650995] hw unit of domain pp0-core 2^-0 Joules
[   13.730716] hw unit of domain package 2^-0 Joules
[   13.731956] hw unit of domain pp1-gpu 2^-0 Joules
[   13.733314] platform rtc_cmos: registered platform RTC device (no PNP device found)
[   13.827826] Scanning for low memory corruption every 60 seconds
[   13.880809] audit: initializing netlink subsys (disabled)
[   13.938158] audit: type=2000 audit(1502705050.950:1): initialized
[   14.033821] Initialise system trusted keyring
[   14.062533] HugeTLB registered 2 MB page size, pre-allocated 0 pages
[   14.075742] zbud: loaded
[   14.090878] VFS: Disk quotas dquot_6.6.0
[   14.104110] VFS: Dquot-cache hash table entries: 512 (order 0, 4096 bytes)
[   14.105532] squashfs: version 4.0 (2009/01/31) Phillip Lougher
[   14.110829] fuse init (API version 7.23)
[   14.161664] Key type big_key registered
[   14.163552] Allocating IMA MOK and blacklist keyrings.
[   14.223732] Key type asymmetric registered
[   14.239951] Asymmetric key parser 'x509' registered
[   14.240863] Block layer SCSI generic (bsg) driver version 0.4 loaded (major 249)
[   14.277875] io scheduler noop registered
[   14.303513] io scheduler deadline registered (default)
[   14.309878] io scheduler cfq registered
[   14.315708] pci_hotplug: PCI Hot Plug PCI Core version: 0.5
[   14.335464] pciehp: PCI Express Hot Plug Controller Driver version: 0.4
[   14.362460] ACPI: AC Adapter [AC] (on-line)
[   14.365654] input: Power Button as /devices/LNXSYSTM:00/LNXPWRBN:00/input/input0
[   14.394161] ACPI: Power Button [PWRF]
[   14.405479] input: Sleep Button as /devices/LNXSYSTM:00/LNXSLPBN:00/input/input1
[   14.416843] ACPI: Sleep Button [SLPF]
[   14.419430] GHES: HEST is not enabled!
[   14.457161] Serial: 8250/16550 driver, 32 ports, IRQ sharing enabled
[   14.489068] 00:02: ttyS0 at I/O 0x3f8 (irq = 4, base_baud = 115200) is a 16550A
[   14.518444] Linux agpgart interface v0.103
[   14.594826] loop: module loaded
[   14.603221] scsi host0: ata_piix
[   14.652189] scsi host1: ata_piix
[   14.704927] ata1: PATA max UDMA/33 cmd 0x1f0 ctl 0x3f6 bmdma 0xd000 irq 14
[   14.734356] ata2: PATA max UDMA/33 cmd 0x170 ctl 0x376 bmdma 0xd008 irq 15
[   14.756829] tsc: Refined TSC clocksource calibration: 3293.551 MHz
[   14.757994] clocksource: tsc: mask: 0xffffffffffffffff max_cycles: 0x2f79801c6fe, max_idle_ns: 440795307237 ns
[   14.758109] libphy: Fixed MDIO Bus: probed
[   14.758112] tun: Universal TUN/TAP device driver, 1.6
[   14.758112] tun: (C) 1999-2004 Max Krasnyansky <maxk@qualcomm.com>
[   14.758160] PPP generic driver version 2.4.2
[   14.758230] ehci_hcd: USB 2.0 'Enhanced' Host Controller (EHCI) Driver
[   14.758235] ehci-pci: EHCI PCI platform driver
[   14.758242] ehci-platform: EHCI generic platform driver
[   14.758248] ohci_hcd: USB 1.1 'Open' Host Controller (OHCI) Driver
[   14.758251] ohci-pci: OHCI PCI platform driver
[   14.758258] ohci-platform: OHCI generic platform driver
[   14.758264] uhci_hcd: USB Universal Host Controller Interface driver
[   14.758313] i8042: PNP: PS/2 Controller [PNP0303:PS2K,PNP0f03:PS2M] at 0x60,0x64 irq 1,12
[   14.841966] serio: i8042 KBD port at 0x60,0x64 irq 1
[   14.841973] serio: i8042 AUX port at 0x60,0x64 irq 12
[   14.842124] mousedev: PS/2 mouse device common for all mice
[   14.842507] rtc_cmos rtc_cmos: rtc core: registered rtc_cmos as rtc0
[   14.842576] rtc_cmos rtc_cmos: alarms up to one day, 114 bytes nvram
[   14.842584] i2c /dev entries driver
[   14.842649] device-mapper: uevent: version 1.0.3
[   14.842717] device-mapper: ioctl: 4.34.0-ioctl (2015-10-28) initialised: dm-devel@redhat.com
[   14.842735] ledtrig-cpu: registered to indicate activity on CPUs
[   14.843404] NET: Registered protocol family 10
[   14.843554] NET: Registered protocol family 17
[   14.843563] Key type dns_resolver registered
[   14.849292] microcode: CPU0 sig=0x306a9, pf=0x2, revision=0x19
[   14.849334] microcode: CPU1 sig=0x306a9, pf=0x2, revision=0x19
[   14.849485] microcode: Microcode Update Driver: v2.01 <tigran@aivazian.fsnet.co.uk>, Peter Oruba
[   14.849641] registered taskstats version 1
[   14.849657] Loading compiled-in X.509 certificates
[   14.850989] Loaded X.509 cert 'Build time autogenerated kernel key: 0777615d5208f86b8b4bd2fb3aecc97a191f2831'
[   14.851055] zswap: loaded using pool lzo/zbud
[   14.853239] Key type trusted registered
[   14.856262] Key type encrypted registered
[   14.856296] AppArmor: AppArmor sha1 policy hashing enabled
[   14.856299] ima: No TPM chip found, activating TPM-bypass!
[   14.856323] evm: HMAC attrs: 0x1
[   14.856618]   Magic number: 13:635:72
[   14.862682] rtc_cmos rtc_cmos: setting system clock to 2017-08-14 10:04:16 UTC (1502705056)
[   14.862916] BIOS EDD facility v0.16 2004-Jun-25, 0 devices found
[   14.862916] EDD information not available.
[   14.969219] input: AT Translated Set 2 keyboard as /devices/platform/i8042/serio0/input/input2
[   15.175528] Freeing unused kernel memory: 1488K (ffffffff81f45000 - ffffffff820b9000)
[   15.192628] Write protecting the kernel read-only data: 14336k
[   15.208314] Freeing unused kernel memory: 1752K (ffff88000184a000 - ffff880001a00000)
[   15.290420] Freeing unused kernel memory: 112K (ffff880001de4000 - ffff880001e00000)
Loading, please [   15.308028] random: systemd-udevd: uninitialized urandom read (16 bytes read, 3 bits of entropy available)
wait...
starting version 229
[   15.308791] random: udevadm: uninitialized urandom read (16 bytes read, 3 bits of entropy available)
[   15.308838] random: udevadm: uninitialized urandom read (16 bytes read, 3 bits of entropy available)
[   15.308983] random: udevadm: uninitialized urandom read (16 bytes read, 3 bits of entropy available)
[   15.309037] random: udevadm: uninitialized urandom read (16 bytes read, 3 bits of entropy available)
[   15.309152] random: udevadm: uninitialized urandom read (16 bytes read, 3 bits of entropy available)
[   15.309208] random: udevadm: uninitialized urandom read (16 bytes read, 3 bits of entropy available)
[   15.309263] random: udevadm: uninitialized urandom read (16 bytes read, 3 bits of entropy available)
[   15.309321] random: udevadm: uninitialized urandom read (16 bytes read, 3 bits of entropy available)
[   15.309376] random: udevadm: uninitialized urandom read (16 bytes read, 3 bits of entropy available)
[   15.452594] e1000: Intel(R) PRO/1000 Network Driver - version 7.3.21-k8-NAPI
[   15.468352] e1000: Copyright (c) 1999-2006 Intel Corporation.
[   15.477309] Fusion MPT base driver 3.04.20
[   15.485352] Copyright (c) 1999-2008 LSI Corporation
[   15.509002] Fusion MPT SPI Host driver 3.04.20
[   15.707199] input: ImExPS/2 Generic Explorer Mouse as /devices/platform/i8042/serio1/input/input4
[   15.925855] e1000 0000:00:03.0 eth0: (PCI:33MHz:32-bit) 02:50:7f:03:3f:72
[   15.937379] e1000 0000:00:03.0 eth0: Intel(R) PRO/1000 Network Connection
[   15.947321] mptbase: ioc0: Initiating bringup
[   15.947626] e1000 0000:00:03.0 enp0s3: renamed from eth0
[   16.095834] ioc0: LSI53C1030 A0: Capabilities={Initiator}
[   16.306189] scsi host2: ioc0: LSI53C1030 A0, FwRev=00000000h, Ports=1, MaxQ=256, IRQ=20
[   16.520953] scsi 2:0:0:0: Direct-Access     VBOX     HARDDISK         1.0  PQ: 0 ANSI: 5
[   16.549053] scsi target2:0:0: Beginning Domain Validation
[   16.558475] scsi target2:0:0: Domain Validation skipping write tests
[   16.563257] scsi target2:0:0: Ending Domain Validation
[   16.566737] scsi target2:0:0: asynchronous
[   16.585618] scsi 2:0:1:0: Direct-Access     VBOX     HARDDISK         1.0  PQ: 0 ANSI: 5
[   16.606641] scsi target2:0:1: Beginning Domain Validation
[   16.610798] scsi target2:0:1: Domain Validation skipping write tests
[   16.628532] scsi target2:0:1: Ending Domain Validation
[   16.630957] scsi target2:0:1: asynchronous
[   16.639180] sd 2:0:0:0: [sda] 20971520 512-byte logical blocks: (10.7 GB/10.0 GiB)
[   16.643251] sd 2:0:0:0: Attached scsi generic sg0 type 0
[   16.648831] sd 2:0:0:0: [sda] Write Protect is off
[   16.652090] sd 2:0:1:0: Attached scsi generic sg1 type 0
[   16.679256] sd 2:0:1:0: [sdb] 20480 512-byte logical blocks: (10.5 MB/10.0 MiB)
[   16.682458] sd 2:0:0:0: [sda] Incomplete mode parameter data
[   16.686389] sd 2:0:0:0: [sda] Assuming drive cache: write through
[   16.686723] sd 2:0:1:0: [sdb] Write Protect is off
[   16.686813] sd 2:0:1:0: [sdb] Incomplete mode parameter data
[   16.686815] sd 2:0:1:0: [sdb] Assuming drive cache: write through
[   16.718834]  sda: sda1
[   16.721806] sd 2:0:0:0: [sda] Attached SCSI disk
[   16.737822] sd 2:0:1:0: [sdb] Attached SCSI disk
[   18.585289] floppy0: no floppy controllers found
Begin: Loading e[   20.030134] md: linear personality registered for level -1
ssential drivers ... [   20.090637] md: multipath personality registered for level -4
[   20.110532] md: raid0 personality registered for level 0
[   20.120080] md: raid1 personality registered for level 1
[   20.193134] raid6: sse2x1   gen()  7812 MB/s
[   20.265037] raid6: sse2x1   xor()  6471 MB/s
[   20.337045] raid6: sse2x2   gen() 11041 MB/s
[   20.409381] raid6: sse2x2   xor()  7086 MB/s
[   20.481030] raid6: sse2x4   gen() 12349 MB/s
[   20.557054] raid6: sse2x4   xor()  9461 MB/s
[   20.626216] raid6: using algorithm sse2x4 gen() 12349 MB/s
[   20.721088] raid6: .... xor() 9461 MB/s, rmw enabled
[   20.808072] raid6: using ssse3x2 recovery algorithm
[   20.906060] xor: automatically using best checksumming function:
[   21.049054]    avx       : 20389.000 MB/sec
[   21.088970] async_tx: api initialized (async)
[   21.206913] md: raid6 personality registered for level 6
[   21.266062] md: raid5 personality registered for level 5
[   21.326295] md: raid4 personality registered for level 4
[   21.332861] md: raid10 personality registered for level 10
done.
Begin: Running /scripts/init-premount ... done.
Begin: Mounting root file system ... Begin: Running /scripts/local-top ... done.
Begin: Running /scripts/loc[   21.364236] Btrfs loaded
al-premount ... Scanning for Btrfs filesystems
done.
Warning: fsck not present, so sk[   21.416338] EXT4-fs (sda1): mounted filesystem with ordered data mode. Opts: (null)
ipping root file system
done.
Begin: Running /scripts/local-bottom ... done.
Begin: Running /scripts/init-bottom ... done.
[   22.136677] systemd[1]: systemd 229 running in system mode. (+PAM +AUDIT +SELINUX +IMA +APPARMOR +SMACK +SYSVINIT +UTMP +LIBCRYPTSETUP +GCRYPT +GNUTLS +ACL +XZ -LZ4 +SECCOMP +BLKID +ELFUTILS +KMOD -IDN)
[   22.387567] systemd[1]: Detected virtualization oracle.
[   22.397477] systemd[1]: Detected architecture x86-64.
[   22.423119] random: nonblocking pool is initialized

Welcome to [1mUbuntu 16.04.3 LTS[0m!

[   22.447871] systemd[1]: Set hostname to <ubuntu>.
[   22.479716] systemd[1]: Initializing machine ID from random generator.
[   22.486897] systemd[1]: Installed transient /etc/machine-id file.
[   23.527197] systemd[1]: Listening on LVM2 metadata daemon socket.
[[0;32m  OK  [0m] Listening on LVM2 metadata daemon socket.
[   23.590784] systemd[1]: Listening on Syslog Socket.
[[0;32m  OK  [0m] Listening on Syslog Socket.
[   23.603231] systemd[1]: Listening on udev Kernel Socket.
[[0;32m  OK  [0m] Listening on udev Kernel Socket.
[   23.618803] systemd[1]: Created slice System Slice.
[[0;32m  OK  [0m] Created slice System Slice.
[   23.631775] systemd[1]: Created slice User and Session Slice.
[[0;32m  OK  [0m] Created slice User and Session Slice.
[   23.653956] systemd[1]: Reached target Slices.
[[0;32m  OK  [0m] Reached target Slices.
[   23.675600] systemd[1]: Listening on Journal Socket (/dev/log).
[[0;32m  OK  [0m] Listening on Journal Socket (/dev/log).
[   23.742189] systemd[1]: Listening on /dev/initctl Compatibility Named Pipe.
[[0;32m  OK  [0m] Listening on /dev/initctl Compatibility Named Pipe.
[   24.031017] systemd[1]: Set up automount Arbitrary Executable File Formats File System Automount Point.
[[0;32m  OK  [0m] Set up automount Arbitrary Executab...ats File System Automount Point.
[   24.406353] systemd[1]: Listening on Device-mapper event daemon FIFOs.
[[0;32m  OK  [0m] Listening on Device-mapper event daemon FIFOs.
[   24.669813] systemd[1]: Reached target Swap.
[[0;32m  OK  [0m] Reached target Swap.
[   24.685515] systemd[1]: Listening on LVM2 poll daemon socket.
[[0;32m  OK  [0m] Listening on LVM2 poll daemon socket.
[   24.709766] systemd[1]: Listening on Journal Socket.
[[0;32m  OK  [0m] Listening on Journal Socket.
[   24.745757] systemd[1]: Mounting POSIX Message Queue File System...
         Mounting POSIX Message Queue File System...
[   24.797579] systemd[1]: Starting Monitoring of LVM2 mirrors, snapshots etc. using dmeventd or progress polling...
         Starting Monitoring of LVM2 mirrors... dmeventd or progress polling...
[   24.873956] systemd[1]: Starting Set console keymap...
         Starting Set console keymap...
[   25.001115] systemd[1]: Mounting Debug File System...
         Mounting Debug File System...
[   25.097960] systemd[1]: Starting Uncomplicated firewall...
         Starting Uncomplicated firewall...
[   25.157905] systemd[1]: Starting Load Kernel Modules...
         Starting Load Kernel Mo[   25.225150] Loading iSCSI transport class v2.0-870.
dules...
[   25.372275] iscsi: registered transport (tcp)
[   25.469423] systemd[1]: Starting Remount Root and Kernel File Systems...
         Starting Remount Root and Kernel File S[   25.517547] EXT4-fs (sda1): re-mounted. Opts: (null)
ystems...
[   25.549200] systemd[1]: Starting Nameserver information manager...
[   25.566582] iscsi: registered transport (iser)
         Starting Nameserver information manager...
[   25.787771] systemd[1]: Reached target User and Group Name Lookups.
[[0;32m  OK  [0m] Reached target User and Group Name Lookups.
[   25.870019] systemd[1]: Mounting Huge Pages File System...
         Mounting Huge Pages File System...
[   25.882143] systemd[1]: Listening on Journal Audit Socket.
[[0;32m  OK  [0m] Listening on Journal Audit Socket.
[   25.937856] systemd[1]: Starting Journal Service...
         Starting Journal Service...
[   25.962045] systemd[1]: Starting Create list of required static device nodes for the current kernel...
         Starting Create list of required st... nodes for the current kernel...
[   26.059611] systemd[1]: Listening on udev Control Socket.
[[0;32m  OK  [0m] Listening on udev Control Socket.
[   26.158451] systemd[1]: Reached target Encrypted Volumes.
[[0;32m  OK  [0m] Reached target Encrypted Volumes.
[   26.357589] systemd[1]: Started Trigger resolvconf update for networkd DNS.
[[0;32m  OK  [0m] Started Trigger resolvconf update for networkd DNS.
[   26.649978] systemd[1]: Started Forward Password Requests to Wall Directory Watch.
[[0;32m  OK  [0m] Started Forward Password Requests to Wall Directory Watch.
[   26.856888] systemd[1]: Created slice system-serial\x2dgetty.slice.
[[0;32m  OK  [0m] Created slice system-serial\x2dgetty.slice.
[   26.894050] systemd[1]: Mounted Huge Pages File System.
[[0;32m  OK  [0m] Mounted Huge Pages File System.
[   26.929778] systemd[1]: Mounted Debug File System.
[[0;32m  OK  [0m] Mounted Debug File System.
[   27.017756] systemd[1]: Mounted POSIX Message Queue File System.
[[0;32m  OK  [0m] Mounted POSIX Message Queue File System.
[   27.065752] systemd[1]: Started Journal Service.
[[0;32m  OK  [0m] Started Journal Service.
[[0;32m  OK  [0m] Started Set console keymap.
[[0;32m  OK  [0m] Started Uncomplicated firewall.
[[0;32m  OK  [0m] Started Load Kernel Modules.
[[0;32m  OK  [0m] Started Remount Root and Kernel File Systems.
[[0;32m  OK  [0m] Started Create list of required sta...ce nodes for the current kernel.
[[0;32m  OK  [0m] Started Nameserver information manager.
[[0;32m  OK  [0m] Started LVM2 metadata daemon.
         Starting Create Static Device Nodes in /dev...
         Starting Initial cloud-init job (pre-networking)...
         Starting Load/Save Random Seed...
         Starting udev Coldplug all Devices...
         Starting Apply Kernel Variables...
         Mounting FUSE Control File System...
         Starting Flush Journal to Persistent Storage...
[[0;32m  OK  [0m] Mounted FUSE Control File System.
[[0;32m  OK  [0m] Started Monitoring of LVM2 mirrors,...ng dmeventd or progress polling.
[[0;32m  OK  [0m] Started Create Static Device Nodes in /dev.
[[0;32m  OK  [0m] Started Load/Save Random Seed.
[[0;32m  OK  [0m] Started Apply Kernel Variables.
[[0;32m  OK  [0m] Started udev Coldplug all Devices.
         Starting udev Kernel Device Manager...
[[0;32m  OK  [0m] Started Flush Journal to Persistent Storage.
[[0;32m  OK  [0m] Started udev Kernel Device Manager.
[[0;32m  OK  [0m] Started Dispatch Password Requests to Console Directory Watch.
[[0;32m  OK  [0m] Reached target Local File Systems (Pre).
[[0;32m  OK  [0m] Reached target Local File Systems.
         Starting Create Volatile Files and Directories...
         Starting Commit a transient machine-id on disk...
         Starting LSB: AppArmor initialization...
         Starting Tell Plymouth To Write Out Runtime Data...
         Starting Set console font and keymap...
[[0;32m  OK  [0m] Started Commit a transient machine-id on disk.
[[0;32m  OK  [0m] Found device /dev/ttyS0.
[[0;32m  OK  [0m] Started Create Volatile Files and Directories.
[[0;32m  OK  [0m] Reached target System Time Synchronized.
         Starting Update UTMP about System Boot/Shutdown...
[[0;32m  OK  [0m] Started Update UTMP about System Boot/Shutdown.
[[0;32m  OK  [0m] Started Tell Plymouth To Write Out Runtime Data.
[[0;32m  OK  [0m] Started Set console font and keymap.
[[0;32m  OK  [0m] Created slice system-getty.slice.
[[0;32m  OK  [0m] Listening on Load/Save RF Kill Switch Status /dev/rfkill Watch.
[[0;32m  OK  [0m] Started LSB: AppArmor initialization.
[   23.670883] cloud-init[414]: Cloud-init v. 0.7.9 running 'init-local' at Mon, 14 Aug 2017 10:04:33 +0000. Up 23.07 seconds.
[[0;32m  OK  [0m] Started Initial cloud-init job (pre-networking).
[[0;32m  OK  [0m] Reached target Network (Pre).
         Starting Raise network interfaces...
[[0;32m  OK  [0m] Started Raise network interfaces.
         Starting Initial cloud-init job (metadata service crawler)...
[[0;32m  OK  [0m] Reached target Network.
[   27.148675] cloud-init[906]: Cloud-init v. 0.7.9 running 'init' at Mon, 14 Aug 2017 10:04:35 +0000. Up 24.73 seconds.
[   27.189196] cloud-init[906]: ci-info: +++++++++++++++++++++++++++++++++++++Net device info++++++++++++++++++++++++++++++++++++++
[[0;32m  OK  [0m] Started Initial cloud-init job (metadata service crawler).
[   27.246707] cloud-init[906]: ci-info: +--------+------+----------------------------+---------------+-------+-------------------+
[   27.275171] cloud-init[906]: ci-info: | Device |  Up  |          Address           |      Mask     | Scope |     Hw-Address    |
[   27.304156] cloud-init[906]: ci-info: +--------+------+----------------------------+---------------+-------+-------------------+
[   27.317045] cloud-init[906]: ci-info: | enp0s3 | True |         10.0.2.15          | 255.255.255.0 |   .   | 02:50:7f:03:3f:72 |
[[0;32m  OK  [0m] Reached target Network is Online.
[   27.337460] cloud-init[906]: ci-info: | enp0s3 | True | fe80::50:7fff:fe03:3f72/64 |       .       |  link | 02:50:7f:03:3f:72 |
         Starting iSCSI initiator daemon (iscsid)...
[[0;32m  OK  [0m] Reached target Cloud-config availability.
[[0;32m  OK  [0m] Reached target System Initialization.
[[0;32m  OK  [0m] Started Daily Cleanup of Temporary Directories.
[[0;32m  OK  [0m] Listening on UUID daemon activation socket.
[   27.374856] cloud-init[906]: ci-info: |   lo   | True |         127.0.0.1          |   255.0.0.0   |   .   |         .         |
[   27.445217] [cloud-init[0;32m  OK  [0m[906]: ] ci-info: |   lo   | True |          ::1/128           |       .       |  host |         .         |Started ACPI Events Check.

[   27.445781] [[0;32m  OK  [0m] Reached target Paths.
[[0;32m  OK  [0m] Listening on D-Bus System Message Bus Socket.
cloud-init[906]: ci-info: +--------+------+----------------------------+---------------+-------+-------------------+
[   27.523445] [cloud-init[0;32m  OK  [0m[906]: ] ci-info: +++++++++++++++++++++++++++Route IPv4 info++++++++++++++++++++++++++++Listening on ACPID Listen Socket.

         Starting Socket activation for snappy daemon.
[   27.524013] cloud-init[906]: ci-info: +-------+-------------+----------+---------------+-----------+-------+
[   27.584923] [cloud-init[0;32m  OK  [0m[906]: ] ci-info: | Route | Destination | Gateway  |    Genmask    | Interface | Flags |Started Timer to automatically refresh installed snaps.

[   27.604504] [cloud-init[0;32m  OK  [0m[906]: ] ci-info: +-------+-------------+----------+---------------+-----------+-------+Started Daily apt download activities.

[[0;32m  OK  [0m] Started Daily apt upgrade and clean activities.
[[0;32m  OK  [0m] Reached target Timers.
[   27.605191] cloud-init[906]: ci-info: |   0   |   0.0.0.0   | 10.0.2.2 |    0.0.0.0    |   enp0s3  |   UG  |
[   27.674912]          cloud-initStarting LXD - unix socket.[906]: 
ci-info: |   1   |   10.0.2.0  | 0.0.0.0  | 255.255.255.0 |   enp0s3  |   U   |
[   27.682127] cloud-init[906]: ci-info: +-------+-------------+----------+---------------+-----------+-------+
[   27.687784] [cloud-init[0;32m  OK  [0m[906]: ] Generating public/private rsa key pair.Listening on Socket activation for snappy daemon.

[   27.710047] [cloud-init[0;32m  OK  [0m[906]: ] Your identification has been saved in /etc/ssh/ssh_host_rsa_key.Listening on LXD - unix socket.

[   27.710572] cloud-init[906]: Your public key has been saved in /etc/ssh/ssh_host_rsa_key.pub.
[   27.744220] [cloud-init[0;32m  OK  [0m[906]: ] The key fingerprint is:Reached target Sockets.

[   27.744871] [cloud-init[0;32m  OK  [0m[906]: ] SHA256:Bycg6aWpeP6hI1RUHYUTIAL2joT5av5QHnEDEDKDgb4 root@ubuntu-xenialReached target Basic System.

[   27.761615] cloud-init[906]: The key's randomart image is:
[   27.789166] [cloud-init[0;32m  OK  [0m[906]: ] +---[RSA 2048]----+Started FUSE filesystem for LXC.

[   27.789768] cloud-init[906]: |X*ooo++o=.       |
[   27.830584] cloud-init[906]: |*+o.+..=         |
[   27.833781] cloud-init[906]: |+..+ *  + .      |
[   27.836713] cloud-init[906]: |.oo.* .  +       |
[   27.862616] [cloud-init[0;32m  OK  [0m[906]: ] | o+=    S .      |Started ACPI event daemon.

[   27.871423] cloud-init[906]: |.E= .    .       |
         Starting LSB: MD monitoring daemon...
[   27.872095] cloud-init[906]: |o= ..            |
         Starting Login Service...
[   27.879766] cloud-init[906]: |+ +. .           |
[   27.908789]          cloud-initStarting LSB: Record successful boot for GRUB...[906]: 
| oo+.            |
[   27.909609] cloud-init[906]: +----[SHA256]-----+
[   27.953807] cloud-init[906]: Generating public/private dsa key pair.
[   27.980171] [cloud-init[0;32m  OK  [0m[906]: ] Your identification has been saved in /etc/ssh/ssh_host_dsa_key.Started Regular background program processing daemon.

[   27.980682] cloud-init[906]: Your public key has been saved in /etc/ssh/ssh_host_dsa_key.pub.
[   28.005564] cloud-init[906]: The key fingerprint is:
[   28.028700] cloud-init[906]: SHA256:QN41aHuUZQRc5NntaKobi+dm15857SlJWq0riU5Cl5o root@ubuntu-xenial
[   28.029043] cloud-init[906]: The key's randomart image is:
         Starting System Logging Service...
[   28.029215] cloud-init[906]: +---[DSA 1024]----+
[   28.120686] cloud-init[906]: |      .  o+B*    |
[   28.121048] cloud-init[906]: |     o .o.++ o . |
         Starting Pollinate to seed the pseudo random number generator...
[   28.121231] cloud-init[906]: |      o..o  o . .|
[   28.162815] cloud-init[906]: |       .. o    o |
[   28.185223] cloud-init[906]: |       .S+    + .|
[   28.185485] cloud-init[906]: |      . +    = . |
         Starting LXD - container startup/shutdown...
[   28.185717] cloud-init[906]: |       E .o *.o .|
[   28.196931] cloud-init[906]: |        oo+B.+..=|
[   28.197193] cloud-init[906]: |        o*=o..o*+|
[[0;32m  OK  [0m] Started Deferred execution scheduler.
[[   28.197490] cloud-init[906]: +----[SHA256]-----+
[   28.205376] cloud-init[906]: Generating public/private ecdsa key pair.
[   28.205535] cloud-init[906]: Your identification has been saved in /etc/ssh/ssh_host_ecdsa_key.
[   28.205725] cloud-init[906]: Your public key has been saved in /etc/ssh/ssh_host_ecdsa_key.pub.
[0;32m  OK  [0m] Started Unattended Upgrades Shutdown.
[   28.206139] cloud-init[906]: The key fingerprint is:
[[   28.279666] cloud-init[906]: SHA256:kXFucYy61+f4S+cKnDe19f9Tmhi6OpPLedDc33X9650 root@ubuntu-xenial
[   28.280368] cloud-init[906]: The key's randomart image is:
[0;32m  OK  [0m] Started D-Bus System Message Bus.
[   28.280875] cloud-init[906]: +---[ECDSA 256]---+
[   28.360870] cloud-init[906]: |        . oo.    |
[   28.375354] cloud-init[906]: |         =.o.    |
[   28.378589] cloud-init[906]: |        o.o      |
[   28.396627] cloud-init[906]: |        .o       |
[   28.400158] cloud-init[906]: |        S+ o    +|
[   28.402971] cloud-init[906]: |        o +.+...O|
[   28.409899] cloud-init[906]: |         + .+B+=B|
[   28.414418] cloud-init[906]: |       .+.o o+==*|
[   28.432873] cloud-init[906]: |        =*.. .=EO|
[   28.437833] cloud-init[906]: +----[SHA256]-----+
[   28.460403] cloud-init[906]: Generating public/private ed25519 key pair.
[   28.506327] cloud-init[906]: Your identification has been saved in /etc/ssh/ssh_host_ed25519_key.
[   28.524584] cloud-init[906]: Your public key has been saved in /etc/ssh/ssh_host_ed25519_key.pub.
[   28.584333] cloud-init[906]: The key fingerprint is:
[   28.597070] cloud-init[906]: SHA256:3NTN662gBgG2Pmcfem0qfcA+AcKjahh3Bqy+U6zDYf0 root@ubuntu-xenial
[   28.606293] cloud-init[906]: The key's randomart image is:
[   28.644928] cloud-init[906]: +--[ED25519 256]--+
[   28.672272] cloud-init[906]: |                 |
[   28.712428] cloud-init[906]: |      o    . o   |
[   28.736303] cloud-init[906]: | .   o o  . . o  |
[   28.760305] cloud-init[906]: |  o   =.oo     . |
[   28.771327] cloud-init[906]: | .o. o oS+.   .  |
[   28.836277] cloud-init[906]: |oo.++ o + =  . . |
[   28.877248] cloud-init[906]: |++++.  + * =. . .|
[   28.887039] cloud-init[906]: |.*o  E  o B.+. . |
[   28.908556] cloud-init[906]: | o+      +o=  .  |
[   28.908934] cloud-init[906]: +----[SHA256]-----+
         Starting Apply the settings specified in cloud-config...
         Starting /etc/rc.local Compatibility...
         Starting Accounts Service...
[[0;32m  OK  [0m] Started Snappy daemon.
         Starting Auto import assertions from block devices...
[[0;32m  OK  [0m] Started System Logging Service.
[[0;32m  OK  [0m] Started iSCSI initiator daemon (iscsid).
[[0;32m  OK  [0m] Started /etc/rc.local Compatibility.
[[0;32m  OK  [0m] Started Auto import assertions from block devices.
         Starting Login to default iSCSI targets...
[[0;32m  OK  [0m] Started Login Service.
[[0;32m  OK  [0m] Started LSB: Record successful boot for GRUB.
[[0;32m  OK  [0m] Started LSB: MD monitoring daemon.
[[0;32m  OK  [0m] Started Login to default iSCSI targets.
[[0;32m  OK  [0m] Reached target Remote File Systems (Pre).
[[0;32m  OK  [0m] Reached target Remote File Systems.
         Starting LSB: Set the CPU Frequency Scaling governor to "ondemand"...
         Starting LSB: daemon to balance interrupts for SMP systems...
         Starting LSB: automatic crash report generation...
         Starting LSB: VirtualBox Linux Additions...
         Starting Permit User Sessions...
[[0;32m  OK  [0m] Started LSB: Set the CPU Frequency Scaling governor to "ondemand".
[[0;32m  OK  [0m] Started Permit User Sessions.
         Starting Terminate Plymouth Boot Screen...
         Starting Hold until boot process finishes up...
[[0;32m  OK  [0m] Started Terminate Plymouth Boot Screen.
[[0;32m  OK  [0m] Started Hold until boot process finishes up.
[[0;32m  OK  [0m] Started Pollinate to seed the pseudo random number generator.
[[0;32m  OK  [0m] Started LSB: automatic crash report generation.
         [   30.352743] Starting OpenBSD Secure Shell server...cloud-init
[1076]: Generating locales (this might take a while)...
         Starting Set console scheme...
[[0;32m  OK  [0m] Started Serial Getty on ttyS0.
[[0;32m  OK  [0m] Started Getty on tty1.
[[0;32m  OK  [0m] Reached target Login Prompts.
[[0;32m  OK  [0m] Started LSB: daemon to balance interrupts for SMP systems.
[[0;32m  OK  [0m] Started Set console scheme.
         Starting Authenticate and Authorize Users to Run Privileged Tasks...
[[0;32m  OK  [0m] Started OpenBSD Secure Shell server.
[[0;32m  OK  [0m] Started LXD - container startup/shutdown.
[[0;32m  OK  [0m] Started LSB: VirtualBox Linux Additions.
[[0;32m  OK  [0m] Reached target Multi-User System.
[[0;32m  OK  [0m] Started Authenticate and Authorize Users to Run Privileged Tasks.
[[0;32m  OK  [0m] Started Accounts Service.
[[0;32m  OK  [0m] Reached target Graphical Interface.
         Starting Update UTMP about System Runlevel Changes...
[[0;32m  OK  [0m] Started Update UTMP about System Runlevel Changes.
[   32.636006] cloud-init[1076]:   en_US.UTF-8... done
[   32.660841] cloud-init[1076]: Generation complete.
         Stopping OpenBSD Secure Shell server...
[[0;32m  OK  [0m] Stopped OpenBSD Secure Shell server.
         Starting OpenBSD Secure Shell server...
[[0;32m  OK  [0m] Started OpenBSD Secure Shell server.
[   34.308343] cloud-init[1076]: Cloud-init v. 0.7.9 running 'modules:config' at Mon, 14 Aug 2017 10:04:40 +0000. Up 29.30 seconds.
[[0;32m  OK  [0m] Started Apply the settings specified in cloud-config.
         Starting Execute cloud user/final scripts...
ci-info: no authorized ssh keys fingerprints found for user ubuntu.
<14>Aug 14 10:04:45 ec2: 
<14>Aug 14 10:04:45 ec2: #############################################################
<14>Aug 14 10:04:45 ec2: -----BEGIN SSH HOST KEY FINGERPRINTS-----
<14>Aug 14 10:04:45 ec2: 1024 SHA256:QN41aHuUZQRc5NntaKobi+dm15857SlJWq0riU5Cl5o root@ubuntu-xenial (DSA)
<14>Aug 14 10:04:45 ec2: 256 SHA256:kXFucYy61+f4S+cKnDe19f9Tmhi6OpPLedDc33X9650 root@ubuntu-xenial (ECDSA)
<14>Aug 14 10:04:45 ec2: 256 SHA256:3NTN662gBgG2Pmcfem0qfcA+AcKjahh3Bqy+U6zDYf0 root@ubuntu-xenial (ED25519)
<14>Aug 14 10:04:45 ec2: 2048 SHA256:Bycg6aWpeP6hI1RUHYUTIAL2joT5av5QHnEDEDKDgb4 root@ubuntu-xenial (RSA)
<14>Aug 14 10:04:45 ec2: -----END SSH HOST KEY FINGERPRINTS-----
<14>Aug 14 10:04:45 ec2: #############################################################
-----BEGIN SSH HOST KEY KEYS-----
ecdsa-sha2-nistp256 AAAAE2VjZHNhLXNoYTItbmlzdHAyNTYAAAAIbmlzdHAyNTYAAABBBAkxdcAsS8pulZ0wirfMytOsE10Ns6DVMWepvIjDAqN1dqVEa9CCMeuDv59ylWE5yqv/pWcytLCKMnmy5/R0iEw= root@ubuntu-xenial
ssh-ed25519 AAAAC3NzaC1lZDI1NTE5AAAAIIM1jk2MwDJUZvakwuNxk9vAdM4YqVy3zeS0H6Z8EuC1 root@ubuntu-xenial
ssh-rsa AAAAB3NzaC1yc2EAAAADAQABAAABAQC59OGAoncK3oXhC3AZSI1yaxbhBMr/Qd+10/zxJDODfkaIUbAj8AbkfAbuiQ0SglWtQRBMyKpcxzIpB82I3z2CtajTK3tfYwJBDNisljoUrxQ1RqqNMOY6soIsRgsbY9Md/bE3whXUC/nvhMXizmploChAT7y2/BRyJsTOJjIFTc6zfoduLqLqYTxvxaRoiWM9r8tdCypa+BFnPwxmiKXM6d+1HyAZpvvXCF8Pzi5E2nigJEHMEbhLCXQFY90CxZSXDRgjdWBC+NYRzKb1GE+aXxt+rQ7wKSsuSSawXGg69bytY1/znRy0vnFr1mK4icXFSN67r9ZmImZ4p/jjzgr1 root@ubuntu-xenial
-----END SSH HOST KEY KEYS-----
[   35.090552] cloud-init[1275]: Cloud-init v. 0.7.9 running 'modules:final' at Mon, 14 Aug 2017 10:04:45 +0000. Up 34.66 seconds.
[   35.128298] cloud-init[1275]: ci-info: no authorized ssh keys fingerprints found for user ubuntu.
[   35.150626] [cloud-init[0;32m  OK  [0m[1275]: ] Cloud-init v. 0.7.9 finished at Mon, 14 Aug 2017 10:04:45 +0000. Datasource DataSourceNoCloud [seed=/dev/sdb][dsmode=net].  Up 35.08 secondsStarted Execute cloud user/final scripts.

[[0;32m  OK  [0m] Reached target Cloud-init target.

Ubuntu 16.04.3 LTS ubuntu-xenial ttyS0

ubuntu-xenial login:          Stopping Authenticate and Authorize Users to Run Privileged Tasks...
         Stopping ACPI event daemon...
         Stopping User Manager for UID 1000...
         Stopping Session 4 of user ubuntu.
[[0;[[0;32m  OK  [0m] Unmounted /var/lib/lxcfs.
[[0;32m  OK  [0m] Stopped ACPI event daemon.
[[0;32m  OK  [0m] Stopped Regular background program processing daemon.
[[0;32m  OK  [0m] Stopped System Logging Service.
[[0;32m  OK  [0m] Stopped Deferred execution scheduler.
[[0;32m  OK  [0m] Stopped Accounts Service.
[[0;32m  OK  [0m] Stopped Snappy daemon.
[[0;32m  OK  [0m] Stopped Serial Getty on ttyS0.
[[0;32m  OK  [0m] Stopped Getty on tty1.
[[0;32m  OK  [0m] Stopped Authenticate and Authorize Users to Run Privileged Tasks.
[[0;32m  OK  [0m] Stopped OpenBSD Secure Shell server.
[[0;32m  OK  [0m] Stopped User Manager for UID 1000.
[[0;32m  OK  [0m] Stopped Session 4 of user ubuntu.
[[0;32m  OK  [0m] Stopped Unattended Upgrades Shutdown.
[[0;32m  OK  [0m] Stopped D-Bus System Message Bus.
[[0;32m  OK  [0m] Stopped FUSE filesystem for LXC.
[[0;32m  OK  [0m] Stopped LSB: MD monitoring daemon.
[[0;32m  OK  [0m] Stopped LSB: daemon to balance interrupts for SMP systems.
[[0;32m  OK  [0m] Stopped LSB: Set the CPU Frequency Scaling governor to "ondemand".
[[0;32m  OK  [0m] Stopped LSB: automatic crash report generation.
[[0;32m  OK  [0m] Stopped LSB: VirtualBox Linux Additions.
[[0;32m  OK  [0m] Stopped LSB: Record successful boot for GRUB.
[[0;32m  OK  [0m] Stopped LXD - container startup/shutdown.
[[0;32m  OK  [0m] Removed slice User Slice of ubuntu.
         Stopping Login Service...
[[0;32m  OK  [0m] Removed slice system-getty.slice.
[[0;32m  OK  [0m] Removed slice system-serial\x2dgetty.slice.
         Stopping Permit User Sessions...
[[0;32m  OK  [0m] Stopped /etc/rc.local Compatibility.
[[0;32m  OK  [0m] Stopped Permit User Sessions.
[[0;32m  OK  [0m] Stopped target Remote File Systems.
[[0;32m  OK  [0m] Stopped target Remote File Systems (Pre).
         Stopping Login to default iSCSI targets...
[[0;32m  OK  [0m] Stopped Login Service.
[[0;32m  OK  [0m] Stopped target Basic System.
[[0;32m  OK  [0m] Stopped target Slices.
[[0;32m  OK  [0m] Removed slice User and Session Slice.
[[0;32m  OK  [0m] Stopped target Paths.
[[0;32m  OK  [0m] Stopped ACPI Events Check.
[[0;32m  OK  [0m] Stopped Forward Password Requests to Wall Directory Watch.
[[0;32m  OK  [0m] Stopped Dispatch Password Requests to Console Directory Watch.
[[0;32m  OK  [0m] Stopped target Sockets.
[[0;32m  OK  [0m] Closed UUID daemon activation socket.
[[0;32m  OK  [0m] Closed D-Bus System Message Bus Socket.
[[0;32m  OK  [0m] Closed ACPID Listen Socket.
[[0;32m  OK  [0m] Closed Socket activation for snappy daemon.
[[0;32m  OK  [0m] Closed Syslog Socket.
[[0;32m  OK  [0m] Closed LXD - unix socket.
[[0;32m  OK  [0m] Stopped target System Initialization.
         Stopping Update UTMP about System Boot/Shutdown...
[[0;32m  OK  [0m] Stopped Commit a transient machine-id on disk.
         Stopping Load/Save Random Seed...
[[0;32m  OK  [0m] Stopped target Swap.
[[0;32m  OK  [0m] Stopped target Encrypted Volumes.
[[0;32m  OK  [0m] Stopped target User and Group Name Lookups.
[[0;32m  OK  [0m] Stopped Load/Save Random Seed.
[[0;32m  OK  [0m] Stopped Update UTMP about System Boot/Shutdown.
[[0;32m  OK  [0m] Stopped Login to default iSCSI targets.
         Stopping iSCSI initiator daemon (iscsid)...
[[0;32m  OK  [0m] Stopped Create Volatile Files and Directories.
[[0;32m  OK  [0m] Stopped iSCSI initiator daemon (iscsid).
[[0;32m  OK  [0m] Stopped target Network is Online.
[[0;32m  OK  [0m] Stopped Initial cloud-init job (metadata service crawler).
[[0;32m  OK  [0m] Stopped target Network.
         Stopping Raise network interfaces...
[[0;32m  OK  [0m] Stopped Raise network interfaces.
[[0;32m  OK  [0m] Stopped target Local File Systems.
         Unmounting /vagrant...
         Unmounting /run/user/1000...
[[0;32m  OK  [0m] Stopped Apply Kernel Variables.
[[0;32m  OK  [0m] Stopped Load Kernel Modules.
[[0;32m  OK  [0m] Stopped target Network (Pre).
[[0;32m  OK  [0m] Stopped Initial cloud-init job (pre-networking).
[[0;32m  OK  [0m] Unmounted /vagrant.
[[0;32m  OK  [0m] Unmounted /run/user/1000.
[[0;32m  OK  [0m] Reached target Unmount All Filesystems.
[[0;32m  OK  [0m] Stopped target Local File Systems (Pre).
         Stopping Monitoring of LVM2 mirrors... dmeventd or progress polling...
[[0;32m  OK  [0m] Stopped Remount Root and Kernel File Systems.
[[0;32m  OK  [0m] Stopped Create Static Device Nodes in /dev.
[[0;32m  OK  [0m] Reached target Shutdown.
[   98.705074] reboot: Power down